{
  "test_regression": {
    "n": 367,
    "MAE": 1.1856719949838723,
    "RMSE": 1.6656835205425835,
    "MedianAE": 0.9635080829482927,
    "R2": 0.41776972106802024,
    "MAE_log": 0.16724538816359136
  },
  "test_violation_by_upper_bound": {
    "n": 367,
    "n_positive": 62,
    "recall": 0.9516129032258065,
    "precision": 0.23137254901960785,
    "f1": 0.3722397476340694,
    "confusion": {
      "tn": 109,
      "fp": 196,
      "fn": 3,
      "tp": 59
    },
    "pr_auc": 0.4313309998819407
  },
  "interval": {
    "coverage": 0.8773841961852861,
    "mean_width": 4.299453814301213
  },
  "system": {
    "n_cycles": 60,
    "abstention_rate": 0.45,
    "recommendation_rate": 0.55,
    "hard_constraint_violation_rate_of_recommendations": 0.0,
    "unsafe_candidates_rejected_share": 1.0,
    "unnecessary_action_rate_when_recommending": 0.6060606060606061,
    "ood_rejection_rate": 0.16666666666666666,
    "mean_confidence": 0.8809583760390126
  },
  "reproducibility": {
    "identical_recommendation_for_identical_input": true,
    "headline": "Ничего не делать — сохранить текущий режим"
  }
}

full report -> <repo>/reports/evaluation_report.json
