исходные данные: /private/tmp/organizer_data

=== подготовка данных: -m scripts.prepare_data
{
  "telemetry_shape": [
    189217,
    97
  ],
  "lims_rows": 36806,
  "pak_rows": 265104,
  "lims_target": {
    "n": 1462,
    "t_min": "2023-01-01 10:00:00",
    "t_max": "2026-08-09 10:00:00",
    "n_above_limit": 230,
    "inter_arrival": {
      "median_min": 1440.0,
      "q95_min": 1440.0,
      "n": 1462
    },
    "max": 2120.0,
    "min": 0.10000000149011612
  },
  "pak_sulfur": {
    "n": 189649,
    "t_min": "2023-01-01 00:00:00",
    "t_max": "2026-08-10 00:00:00",
    "flatline_segments_ge_6h": 18,
    "flatline_segments_ge_24h": 7,
    "flatlined_share": 0.06952317175413528,
    "longest_flatline": {
      "start": "2024-03-16 18:20:00",
      "end": "2024-05-02 12:10:00",
      "hours": 1121.8,
      "n_points": 6732,
      "value": 7.705160617828369
    },
    "saturation_hypothesis": {
      "max": 19.998779296875,
      "share_within_0_1pct_of_max": 4.218319105294518e-05
    },
    "gaps": {
      "n_gaps": 0,
      "max_gap_min": 0.0,
      "total_gap_hours": 0.0
    }
  }
}
--- подготовка данных: код возврата 0, 7.4 с

=== обучение моделей: -m scripts.train
{"kind": "ridge", "lag_minutes": 0, "n": 131, "MAE": 1.2028499554953056, "RMSE": 2.0510617719296054, "MedianAE": 0.7949130163686977, "R2": -0.007620790498554353, "MAE_log": 0.13868726250981114, "rolling_origin": [{"n": 165, "MAE": 2.3912155872849716, "RMSE": 2.7280353789050347, "MedianAE": 2.4037996173703373, "R2": -0.9512169082829374, "MAE_log": 0.28381711431087164}, {"n": 165, "MAE": 1.3717302491024996, "RMSE": 1.8766855288332505, "MedianAE": 1.049045262711953, "R2": 0.1546675244447019, "MAE_log": 0.2769905181829464}]}
{"kind": "hgb", "lag_minutes": 0, "n": 131, "MAE": 1.1728993629436122, "RMSE": 2.195293611388307, "MedianAE": 0.6215081460667609, "R2": -0.1543164012928846, "MAE_log": 0.13744386865451877, "rolling_origin": [{"n": 165, "MAE": 1.2985098302278308, "RMSE": 1.7299358940615783, "MedianAE": 1.1297962113145452, "R2": 0.21536879897820493, "MAE_log": 0.1616276727720511}, {"n": 165, "MAE": 1.1344446285280405, "RMSE": 1.50642684372143, "MedianAE": 0.843648246783145, "R2": 0.4553209949993319, "MAE_log": 0.15447902729471527}]}
{"kind": "rf", "lag_minutes": 0, "n": 131, "MAE": 1.1119178393206752, "RMSE": 2.1217932849158743, "MedianAE": 0.6959161021268141, "R2": -0.07831533282131908, "MAE_log": 0.13542301235754556, "rolling_origin": [{"n": 165, "MAE": 1.2124532545876223, "RMSE": 1.6587253654516008, "MedianAE": 1.0645035854141298, "R2": 0.27863589804026945, "MAE_log": 0.153746744303166}, {"n": 165, "MAE": 1.1357875510045032, "RMSE": 1.577389018266491, "MedianAE": 0.8607117995436866, "R2": 0.40279674051313963, "MAE_log": 0.1487336026355249}]}
{
  "model_version": "quality-sulfur-v2",
  "selected": {
    "kind": "rf",
    "lag_minutes": 0,
    "n": 131,
    "MAE": 1.1119178393206752,
    "RMSE": 2.1217932849158743,
    "MedianAE": 0.6959161021268141,
    "R2": -0.07831533282131908,
    "MAE_log": 0.13542301235754556,
    "rolling_origin": [
      {
        "n": 165,
        "MAE": 1.2124532545876223,
        "RMSE": 1.6587253654516008,
        "MedianAE": 1.0645035854141298,
        "R2": 0.27863589804026945,
        "MAE_log": 0.153746744303166
      },
      {
        "n": 165,
        "MAE": 1.1357875510045032,
        "RMSE": 1.577389018266491,
        "MedianAE": 0.8607117995436866,
        "R2": 0.40279674051313963,
        "MAE_log": 0.1487336026355249
      }
    ]
  },
  "train_median_sulfur": 8.5,
  "train_size": 825,
  "selection_size": 131,
  "calibration_size": 99,
  "feature_count": 50,
  "conformal": {
    "alpha": 0.1,
    "n_calibration": 99,
    "q_log": 0.20738580433103415
  },
  "response": {
    "n_train": 735,
    "train_end": "2025-02-28 00:00:00",
    "lag_minutes": 360,
    "lag_basis": "A-18: заданное модельное запаздывание, не оценка времени пребывания",
    "temperature_log_sensitivity_data": 0.003775245239263052,
    "temperature_log_sensitivity_sign_constrained": -1.4267506029604564e-19,
    "temperature_log_sensitivity_prior": -0.034266114298630815,
    "temperature_log_sensitivity_joint": -0.02035704788708111,
    "prior_status": "A-19: литературное E_a перенесено в приближённую log-модель; это допущение, не параметр данной установки",
    "prior_source": "https://doi.org/10.1016/j.fuel.2017.07.092",
    "temperature_sensitivity_bootstrap": [
      -0.024696539185810235,
      -0.01728391195832987
    ],
    "coefficients": {
      "ht:T5": 8.353479564703353,
      "ht:F9": 1.2477335156629508,
      "ht:P3": 5.3227216733868724e-14,
      "feed_sulfur_mgkg": 0.929773368549195
    },
    "limitation": "Замкнутый контур, редкая сера сырья; причинность и перенос на установку не доказаны"
  },
  "train_seconds": 22.577594749862328
}
--- обучение моделей: код возврата 0, 24.2 с

=== графики отчёта: -m scripts.make_report_plots
saved: 01_coverage.png, 02_pak_vs_lims.png, 03_actual_vs_pred.png, 04_forecast_interval.png, 05_feature_importance.png, 06_severity.png
--- графики отчёта: код возврата 0, 4.0 с

=== оценка на holdout: -m scripts.evaluate --cycles 60
{
  "test_regression": {
    "n": 367,
    "MAE": 1.1856719949838723,
    "RMSE": 1.6656835205425835,
    "MedianAE": 0.9635080829482927,
    "R2": 0.41776972106802024,
    "MAE_log": 0.16724538816359136
  },
  "test_violation_by_upper_bound": {
    "n": 367,
    "n_positive": 62,
    "recall": 0.8548387096774194,
    "precision": 0.2896174863387978,
    "f1": 0.4326530612244898,
    "confusion": {
      "tn": 175,
      "fp": 130,
      "fn": 9,
      "tp": 53
    },
    "pr_auc": 0.43398994572408794
  },
  "interval": {
    "coverage": 0.7874659400544959,
    "mean_width": 3.3517667854334547
  },
  "system": {
    "n_cycles": 60,
    "abstention_rate": 0.36666666666666664,
    "recommendation_rate": 0.6333333333333333,
    "hard_constraint_violation_rate_of_recommendations": 0.0,
    "unsafe_candidates_rejected_share": 1.0,
    "unnecessary_action_rate_when_recommending": 0.2894736842105263,
    "ood_rejection_rate": 0.16666666666666666,
    "mean_confidence": 0.8913307377228139
  },
  "reproducibility": {
    "identical_recommendation_for_identical_input": true,
    "headline": "Ничего не делать — сохранить текущий режим"
  }
}

full report -> <repo>/reports/evaluation_report.json
--- оценка на holdout: код возврата 0, 14.6 с

=== поиск демонстрационных моментов: -m scripts.find_demo_moments --step-hours 12 --write-config
{
  "period": [
    "2025-10-01 00:00:00",
    "2026-08-07 00:00:00"
  ],
  "n_found": {
    "stable": 272,
    "quality_risk": 181,
    "bad_data": 68
  },
  "selected": {
    "quality_risk": "2025-10-25 00:00:00",
    "stable": "2026-04-29 00:00:00",
    "bad_data": "2025-12-10 00:00:00"
  }
}

-> <repo>/reports/demo_moments.json
config/config.yaml demo section updated: ['bad_data', 'quality_risk', 'stable']
--- поиск демонстрационных моментов: код возврата 0, 101.1 с

=== тесты: -m scripts.run_tests
...........................                                              [100%]
27 passed in 3.93s
--- тесты: код возврата 0, 4.4 с

=== smoke test: -m scripts.smoke_test
[ok] system built in 0.9s; telemetry (189217, 97), LIMS target 1462, PAK 189649
[ok] decision cycle in 0.2s
     headline : Ничего не делать — сохранить текущий режим
     abstained: False
     candidates: 41, feasible: 32
[ok] smoke test passed
--- smoke test: код возврата 0, 2.3 с

=== расчёт за период 2026-01-01 … 2026-02-01: -m scripts.backtest --start 2026-01-01 --end 2026-02-01
{
  "period": [
    "2026-01-01 00:00:00",
    "2026-02-01 00:00:00"
  ],
  "blocks_touched": [
    "test"
  ],
  "honest_reading": "период не пересекается с обучением: оценка честная"
}
{
  "model": {
    "n": 41,
    "MAE": 1.1026971025685544,
    "RMSE": 1.3393866799803105,
    "MedianAE": 1.183131295841295,
    "R2": -0.27425043135672644,
    "MAE_log": 0.12957861320627972
  },
  "system": {
    "n_cycles": 24,
    "abstention_reasons": {
      "Режим за пределами области обучения модели.": 1,
      "Критические данные недостоверны; проверьте статусы источников и датчиков.": 1,
      "Сильное расхождение ЛИМС и ПАК; требуется сверка измерений.": 1,
      "Нет применимого отклика: проверьте наличие свежей серы сырья и диапазоны управляющих.": 1
    },
    "abstention_rate": 0.08333333333333333,
    "action_rate": 0.20833333333333334,
    "do_nothing_rate": 0.7083333333333334,
    "hard_constraint_violations_in_recommendations": 0,
    "cycles_at_risk": 5,
    "action_rate_when_at_risk": 1.0,
    "mean_confidence": 0.9499114274383533,
    "ood_rate": 0.041666666666666664,
    "mode_counts": {
      "RUNNING": 24
    },
    "seconds_per_cycle_mean": 0.16340723633766174,
    "seconds_per_cycle_max": 0.17776775360107422,
    "n_recommending": 22
  }
}

-> <repo>/reports/periods/20260101_20260201/backtest.json
--- расчёт за период 2026-01-01 … 2026-02-01: код возврата 0, 7.0 с

=== demo: стабильный режим: -m scripts.demo --scenario stable

### СЦЕНАРИЙ: стабильный режим: прогноз серы с большим запасом до предела, источники исправны
### момент выбран автоматически: reports/demo_moments.json — автоматический скан тестового блока, scripts/find_demo_moments.py

==============================================================================
РЕШЕНИЕ 2026-04-29 00:00:00 · блок ТЕСТ · модель quality-sulfur-v2
==============================================================================
**2026-04-29 00:00:00 · рабочий режим**



**Измерения серы** [сообщение 05fb4e6f1e3c5881]

- ЛИМС, сера продукта: 3,40 мг/кг, возраст 2,0 ч; исправен.

- ПАК, сера продукта: 1,42 мг/кг, возраст 0,0 ч; исправен.

- ЛИМС, сера сырья (возмущение): 8326,00 мг/кг (0,833 % масс.), возраст 62,0 ч; исправен.



**Риск** [сообщение 59de85320b6ec50c]

Сера ГО: 2,06 мг/кг; верхняя граница 2,54 мг/кг.

Интервал с номинальным уровнем 90%: 1,68–2,54 мг/кг; эмпирическая оценка риска > 10: 1%.



**Действие** [сообщение e81e640fb530ebd4]

Ничего не делать — сохранить текущий режим



**Ожидаемый эффект** [сообщение e81e640fb530ebd4]

Сера 2,06 → 2,06 мг/кг; верхняя граница 2,54 мг/кг. Модельное запаздывание 360 мин; выполнение изменения за 0 мин.

Выпуск: 257,13 т/ч; тепловой прокси: 0,88; тяжесть режима: 0,16.



**Ограничения** [сообщение 7bade6e92eec0edc]

- Достоверность данных: выполнено

- Модельный диапазон, темп и применимость: не применимо (допущение, не промышленный предел)

- Сера по верхней границе: выполнено

- Область обучения: выполнено (допущение, не промышленный предел)

- Тяжесть режима: выполнено (допущение, не промышленный предел)

- Сумма долей блендинга: не проверено — Нет данных товарного резервуара и состава смеси

- T95 ≤ 360 °C: не проверено — Нет данных товарного резервуара и состава смеси

- Цетановое число ≥ 51: не проверено — Нет данных товарного резервуара и состава смеси



**Уверенность** [сообщение 59de85320b6ec50c]

96% — эвристический индекс доверия, не вероятность правильности.



**Почему так и что изменит решение**

Совет требует согласования с технологом: исполнительные контуры ГО не подтверждены отдельной схемой.

Качество и ограничения проверены до экономического ранжирования. Ранжирование использует фиксированные шкалы.

Интервал прогноза и бутстреп эффекта не являются гарантией на замкнутом контуре.

Текущее состояние проходит модельные проверки; вмешательство не улучшает стоимость действия.

Повторить расчёт после устранения указанных причин; не применять отклонённые варианты.



Совет по гидроочистке; соответствие товарного ДТ не установлено. Выпуск товарного продукта не разрешается этой карточкой.
------------------------------------------------------------------------------
ПРИЛОЖЕНИЕ ДЛЯ ИНЖЕНЕРА
  проверки безопасности:
    [выполнено] HC-04 data_validity: critical inputs fresh, numeric and from a healthy analyser
    [не применимо] HC-03 control_within_model_support: no control move  (допущение, не промышленный предел)
    [выполнено] HC-01 product_sulfur_limit: upper confidence bound 2.54 мг/кг vs limit 10.0 (point forecast 2.06)
    [выполнено] HC-05 state_in_distribution: process state inside the historical operating envelope  (допущение, не промышленный предел)
    [выполнено] HC-06 reliability_gate: operating severity acceptable  (допущение, не промышленный предел)
    [не проверено] HC-02 Сумма долей блендинга: Нет данных товарного резервуара и состава смеси
    [не проверено] PRODUCT-T95 T95 ≤ 360 °C: Нет данных товарного резервуара и состава смеси
    [не проверено] PRODUCT-CN Цетановое число ≥ 51: Нет данных товарного резервуара и состава смеси
  ближайшие альтернативы:
    A001_ht_r201_gss_outlet_temp_increase_1 оценка=-0.012 верхняя граница=2,48 мг/кг выпуск=257,13 т/ч
    A017_ht_s201_inlet_pressure_increase_1 оценка=-0.016 верхняя граница=2,54 мг/кг выпуск=257,13 т/ч
    A009_ht_feed_flow_mass_increase_1 оценка=-0.022 верхняя граница=2,59 мг/кг выпуск=260,65 т/ч
  доверие: 0.96 · составляющие: {'lims_freshness': 1.0, 'pak_health': 1.0, 'model_uncertainty': 0.8607496160167917, 'source_agreement': 1.0}
  сообщения шины: {'DataQualityAgent': '05fb4e6f1e3c5881', 'QualityAgent': '59de85320b6ec50c', 'ReliabilityAgent': 'bd8619ef94a71c7d', 'OptimizationAgent': 'e81e640fb530ebd4', 'SafetyAgent': '7bade6e92eec0edc', 'Orchestrator': 'd8b002e28e1ad686'}
==============================================================================
журнал решений дополнен: artifacts/decisions.jsonl
--- demo: стабильный режим: код возврата 0, 2.3 с

=== demo: риск по качеству: -m scripts.demo --scenario quality-risk

### СЦЕНАРИЙ: риск по сере: верхняя граница прогноза выше 10 мг/кг, система предлагает коррекцию режима
### момент выбран автоматически: reports/demo_moments.json — автоматический скан тестового блока, scripts/find_demo_moments.py

==============================================================================
РЕШЕНИЕ 2025-10-25 00:00:00 · блок ТЕСТ · модель quality-sulfur-v2
==============================================================================
**2025-10-25 00:00:00 · рабочий режим**



**Измерения серы** [сообщение 3a991496d681455f]

- ЛИМС, сера продукта: 7,00 мг/кг, возраст 14,0 ч; исправен.

- ПАК, сера продукта: 8,10 мг/кг, возраст 0,0 ч; исправен.

- ЛИМС, сера сырья (возмущение): 9621,00 мг/кг (0,962 % масс.), возраст 14,0 ч; исправен.



**Риск** [сообщение 28747a38edd52625]

Сера ГО: 9,73 мг/кг; верхняя граница 11,97 мг/кг.

Интервал с номинальным уровнем 90%: 7,91–11,97 мг/кг; эмпирическая оценка риска > 10: 46%.



**Действие** [сообщение 15f2312acb6c7d1a]

Полисеп. Р-201. Температура ГСС на выходе: 378,55 → 384,41 °C; Расход сырья на установку, массовый: 223,73 → 209,13 т/ч



**Ожидаемый эффект** [сообщение 15f2312acb6c7d1a]

Сера 9,73 → 7,98 мг/кг; верхняя граница 9,99 мг/кг. Модельное запаздывание 360 мин; выполнение изменения за 50 мин.

Выпуск: 248,10 т/ч; тепловой прокси: 1,07; тяжесть режима: 0,42.



**Внимание: тяжесть режима в критическом классе** (прокси, допущение). Разрешены только варианты, не ухудшающие тяжесть; удержание режима допустимо.



**Ограничения** [сообщение 9c1c0e5ffc7a9bd6]

- Достоверность данных: выполнено

- Модельный диапазон, темп и применимость: выполнено (допущение, не промышленный предел)

- Сера по верхней границе: выполнено

- Область обучения: выполнено (допущение, не промышленный предел)

- Тяжесть режима: выполнено (допущение, не промышленный предел)

- Сумма долей блендинга: не проверено — Нет данных товарного резервуара и состава смеси

- T95 ≤ 360 °C: не проверено — Нет данных товарного резервуара и состава смеси

- Цетановое число ≥ 51: не проверено — Нет данных товарного резервуара и состава смеси



**Уверенность** [сообщение 28747a38edd52625]

96% — эвристический индекс доверия, не вероятность правильности.



**Почему так и что изменит решение**

Совет требует согласования с технологом: исполнительные контуры ГО не подтверждены отдельной схемой.

Качество и ограничения проверены до экономического ранжирования. Ранжирование использует фиксированные шкалы.

Интервал прогноза и бутстреп эффекта не являются гарантией на замкнутом контуре.

Выбрано минимальное вмешательство среди вариантов, прошедших проверки.

Повторить расчёт после устранения указанных причин; не применять отклонённые варианты.



Совет по гидроочистке; соответствие товарного ДТ не установлено. Выпуск товарного продукта не разрешается этой карточкой.
------------------------------------------------------------------------------
ПРИЛОЖЕНИЕ ДЛЯ ИНЖЕНЕРА
  проверки безопасности:
    [выполнено] HC-04 data_validity: critical inputs fresh, numeric and from a healthy analyser
    [выполнено] HC-03 control_within_model_support: 384.4 vs model support [347.1, 388.3] (ASSUMPTION - NOT AN INDUSTRIAL LIMIT)  (допущение, не промышленный предел)
    [выполнено] HC-03 component_support: ht_r201_gss_outlet_temp: 384.4130401611328; модельный диапазон (347.06226959228513, 388.2955322265625)  (допущение, не промышленный предел)
    [выполнено] HC-03 component_support: ht_feed_flow_mass: 209.13280868530273; модельный диапазон (130.9251887512207, 257.4960528564453)  (допущение, не промышленный предел)
    [выполнено] HC-03 response_and_rate: Применимость отклика и темп; допущения  (допущение, не промышленный предел)
    [выполнено] HC-01 product_sulfur_limit: upper confidence bound 9.99 мг/кг vs limit 10.0 (point forecast 7.98)
    [выполнено] HC-05 state_in_distribution: process state inside the historical operating envelope  (допущение, не промышленный предел)
    [выполнено] HC-06 reliability_gate: operating severity acceptable  (допущение, не промышленный предел)
    [не проверено] HC-02 Сумма долей блендинга: Нет данных товарного резервуара и состава смеси
    [не проверено] PRODUCT-T95 T95 ≤ 360 °C: Нет данных товарного резервуара и состава смеси
    [не проверено] PRODUCT-CN Цетановое число ≥ 51: Нет данных товарного резервуара и состава смеси
  доверие: 0.96 · составляющие: {'lims_freshness': 1.0, 'pak_health': 1.0, 'model_uncertainty': 0.8607496160167916, 'source_agreement': 1.0}
  сообщения шины: {'DataQualityAgent': '3a991496d681455f', 'QualityAgent': '28747a38edd52625', 'ReliabilityAgent': '16b4259d5e41c7ec', 'OptimizationAgent': '15f2312acb6c7d1a', 'SafetyAgent': '9c1c0e5ffc7a9bd6', 'Orchestrator': 'a72880b82cd67815'}
==============================================================================
журнал решений дополнен: artifacts/decisions.jsonl
--- demo: риск по качеству: код возврата 0, 2.3 с

=== demo: недостоверные данные: -m scripts.demo --scenario bad-data

### СЦЕНАРИЙ: недостоверные данные: система отказывается от рекомендации и называет причину
### момент выбран автоматически: reports/demo_moments.json — автоматический скан тестового блока, scripts/find_demo_moments.py

==============================================================================
РЕШЕНИЕ 2025-12-10 00:00:00 · блок ТЕСТ · модель quality-sulfur-v2
==============================================================================
**2025-12-10 00:00:00 · рабочий режим**



**Измерения серы** [сообщение b0f20af3c07d5d73]

- ЛИМС, сера продукта: 9,10 мг/кг, возраст 14,0 ч; исправен.

- ПАК, сера продукта: 1,00 мг/кг, возраст 0,0 ч; исправен.

- ЛИМС, сера сырья (возмущение): 9347,00 мг/кг (0,935 % масс.), возраст 590,0 ч; исправен.



**Риск** [сообщение 73f27a701ee95c62]

Сера ГО: 5,10 мг/кг; верхняя граница 6,28 мг/кг.

Интервал с номинальным уровнем 90%: 4,15–6,28 мг/кг; эмпирическая оценка риска > 10: 4%.



**Действие** [сообщение df7071540544dcf0]

Надёжной рекомендации нет



**Ожидаемый эффект** [сообщение df7071540544dcf0]

Критические данные недостоверны; проверьте статусы источников и датчиков.

Сильное расхождение ЛИМС и ПАК; требуется сверка измерений.

Лучшее направление для технолога (не разрешённое действие): Полисеп. Р-201. Температура ГСС на выходе: 381,80 → 387,66 °C; Расход сырья на установку, массовый: 217,24 → 202,64 т/ч; расчётная верхняя граница 5,23 мг/кг — предела не достигает.



**Ограничения** [сообщение a154a3baf78a4791]

- Достоверность данных: НЕ ВЫПОЛНЕНО — critical inputs are stale / unhealthy

- Модельный диапазон, темп и применимость: не применимо (допущение, не промышленный предел)

- Сера по верхней границе: выполнено

- Область обучения: выполнено (допущение, не промышленный предел)

- Тяжесть режима: выполнено (допущение, не промышленный предел)

- Сумма долей блендинга: не проверено — Нет данных товарного резервуара и состава смеси

- T95 ≤ 360 °C: не проверено — Нет данных товарного резервуара и состава смеси

- Цетановое число ≥ 51: не проверено — Нет данных товарного резервуара и состава смеси



**Уверенность** [сообщение 73f27a701ee95c62]

64% — эвристический индекс доверия, не вероятность правильности.



**Почему так и что изменит решение**

Совет требует согласования с технологом: исполнительные контуры ГО не подтверждены отдельной схемой.

Качество и ограничения проверены до экономического ранжирования. Ранжирование использует фиксированные шкалы.

Интервал прогноза и бутстреп эффекта не являются гарантией на замкнутом контуре.

Повторить расчёт после устранения указанных причин; не применять отклонённые варианты.



Совет по гидроочистке; соответствие товарного ДТ не установлено. Выпуск товарного продукта не разрешается этой карточкой.
------------------------------------------------------------------------------
ПРИЛОЖЕНИЕ ДЛЯ ИНЖЕНЕРА
  проверки безопасности:
    [НЕ ВЫПОЛНЕНО] HC-04 data_validity: critical inputs are stale / unhealthy
    [не применимо] HC-03 control_within_model_support: no control move  (допущение, не промышленный предел)
    [выполнено] HC-01 product_sulfur_limit: upper confidence bound 6.28 мг/кг vs limit 10.0 (point forecast 5.10)
    [выполнено] HC-05 state_in_distribution: process state inside the historical operating envelope  (допущение, не промышленный предел)
    [выполнено] HC-06 reliability_gate: operating severity acceptable  (допущение, не промышленный предел)
    [не проверено] HC-02 Сумма долей блендинга: Нет данных товарного резервуара и состава смеси
    [не проверено] PRODUCT-T95 T95 ≤ 360 °C: Нет данных товарного резервуара и состава смеси
    [не проверено] PRODUCT-CN Цетановое число ≥ 51: Нет данных товарного резервуара и состава смеси
  доверие: 0.64 · составляющие: {'lims_freshness': 1.0, 'pak_health': 1.0, 'model_uncertainty': 0.8607496160167916, 'source_agreement': 0.2}
  сообщения шины: {'DataQualityAgent': 'b0f20af3c07d5d73', 'QualityAgent': '73f27a701ee95c62', 'ReliabilityAgent': 'b8690c118db46b05', 'OptimizationAgent': 'df7071540544dcf0', 'SafetyAgent': 'a154a3baf78a4791', 'Orchestrator': '9049007482b87edc'}
==============================================================================
журнал решений дополнен: artifacts/decisions.jsonl
--- demo: недостоверные данные: код возврата 0, 2.3 с

=== манифест прогона: -m src.manifest
<repo>/manifest.json
--- манифест прогона: код возврата 0, 0.1 с

=== рендер опубликованных цифр: -m scripts.render_results
<!-- СГЕНЕРИРОВАНО scripts/render_results.py. Не редактировать вручную. -->
# Результаты прогона

Коммит: `e1a3a26b` · сгенерировано: 2026-09-22T19:22:17+00:00 · рабочее дерево чистое: нет

## Прогноз серы на тестовом блоке
Период: 2025-10-01 10:00:00 — 2026-08-06 10:00:00, анализов: 367.

| показатель | модель | пред. ЛИМС | ПАК | медиана обучения |
|---|---|---|---|---|
| MAE, мг/кг | **1,19** | 1,71 | 1,48 | 1,51 |

RMSE 1,67 · R² 0,42 · покрытие интервала 90 %: 78,7 % · полнота по верхней границе 85 % при точности 29 %.

## Поведение системы на тестовом блоке
- циклов решения: 60
- доля отказов: 37 %
- нарушений жёсткого предела среди рекомендаций: 0 %
- небезопасных вариантов отклонено: 100 %
- среднее время цикла: 0,16 с (максимум 0,18 с)
- два одинаковых входа дают одинаковую рекомендацию: да

## Чувствительность серы к температуре (модель отклика M)
| источник оценки | d ln S / dT, 1/°C |
|---|---|
| только данные (замкнутый контур) | 0,0038 |
| физическое априори | -0,0343 |
| совместная оценка (используется) | **-0,0204** |

Блочный бутстреп, 90 %: -0,0247 … -0,0173; обучающих точек: 735.
Знак задан физикой, величина — данными и априори; на замкнутом контуре эффект по данным занижен (R-MEET-12).

## Демонстрационные моменты
Найдены автоматическим сканом блока «test» (2025-10-01 00:00:00 — 2026-08-07 00:00:00); подходящих моментов: stable — 272, quality_risk — 181, bad_data — 68.
- quality_risk: 2025-10-25 00:00:00
- stable: 2026-04-29 00:00:00
- bad_data: 2025-12-10 00:00:00

## Произвольные периоды (scripts/backtest.py)

| период | блоки | MAE, мг/кг | отказы | действие при риске | нарушений |
|---|---|---|---|---|---|
| 2025-10-01 — 2026-08-07 | test | 1,19 | 30 % | 62 % | 0 |
| 2026-01-01 — 2026-02-01 | test | 1,10 | 8 % | 100 % | 0 |

## Исключённые периоды
Строк в `reports/excluded_periods.csv`: 92. Каждая строка содержит причину исключения.

--- рендер опубликованных цифр: код возврата 0, 0.1 с

Всё выполнено за 172 с. Дашборд:  streamlit run app.py
RUN_ALL rc=0
