{"kind": "ridge", "lag_minutes": 0, "n": 131, "MAE": 1.2028499554953056, "RMSE": 2.0510617719296054, "MedianAE": 0.7949130163686977, "R2": -0.007620790498554353, "MAE_log": 0.13868726250981114, "rolling_origin": [{"n": 165, "MAE": 2.3912155872849716, "RMSE": 2.7280353789050347, "MedianAE": 2.4037996173703373, "R2": -0.9512169082829374, "MAE_log": 0.28381711431087164}, {"n": 165, "MAE": 1.3717302491024996, "RMSE": 1.8766855288332505, "MedianAE": 1.049045262711953, "R2": 0.1546675244447019, "MAE_log": 0.2769905181829464}]}
{"kind": "hgb", "lag_minutes": 0, "n": 131, "MAE": 1.1728993629436122, "RMSE": 2.195293611388307, "MedianAE": 0.6215081460667609, "R2": -0.1543164012928846, "MAE_log": 0.13744386865451877, "rolling_origin": [{"n": 165, "MAE": 1.2985098302278308, "RMSE": 1.7299358940615783, "MedianAE": 1.1297962113145452, "R2": 0.21536879897820493, "MAE_log": 0.1616276727720511}, {"n": 165, "MAE": 1.1344446285280405, "RMSE": 1.50642684372143, "MedianAE": 0.843648246783145, "R2": 0.4553209949993319, "MAE_log": 0.15447902729471527}]}
{"kind": "rf", "lag_minutes": 0, "n": 131, "MAE": 1.1119178393206752, "RMSE": 2.1217932849158743, "MedianAE": 0.6959161021268141, "R2": -0.07831533282131908, "MAE_log": 0.13542301235754556, "rolling_origin": [{"n": 165, "MAE": 1.2124532545876223, "RMSE": 1.6587253654516008, "MedianAE": 1.0645035854141298, "R2": 0.27863589804026945, "MAE_log": 0.153746744303166}, {"n": 165, "MAE": 1.1357875510045032, "RMSE": 1.577389018266491, "MedianAE": 0.8607117995436866, "R2": 0.40279674051313963, "MAE_log": 0.1487336026355249}]}
{
  "model_version": "quality-sulfur-v2",
  "selected": {
    "kind": "rf",
    "lag_minutes": 0,
    "n": 131,
    "MAE": 1.1119178393206752,
    "RMSE": 2.1217932849158743,
    "MedianAE": 0.6959161021268141,
    "R2": -0.07831533282131908,
    "MAE_log": 0.13542301235754556,
    "rolling_origin": [
      {
        "n": 165,
        "MAE": 1.2124532545876223,
        "RMSE": 1.6587253654516008,
        "MedianAE": 1.0645035854141298,
        "R2": 0.27863589804026945,
        "MAE_log": 0.153746744303166
      },
      {
        "n": 165,
        "MAE": 1.1357875510045032,
        "RMSE": 1.577389018266491,
        "MedianAE": 0.8607117995436866,
        "R2": 0.40279674051313963,
        "MAE_log": 0.1487336026355249
      }
    ]
  },
  "train_median_sulfur": 8.5,
  "train_size": 825,
  "selection_size": 131,
  "calibration_size": 99,
  "feature_count": 50,
  "conformal": {
    "alpha": 0.1,
    "n_calibration": 99,
    "q_log": 0.20738580433103415
  },
  "response": {
    "n_train": 735,
    "train_end": "2025-02-28 00:00:00",
    "lag_minutes": 360,
    "lag_basis": "A-18: заданное модельное запаздывание, не оценка времени пребывания",
    "temperature_log_sensitivity_data": 0.003775245239263052,
    "temperature_log_sensitivity_sign_constrained": -1.4267506029604564e-19,
    "temperature_log_sensitivity_prior": -0.034266114298630815,
    "temperature_log_sensitivity_joint": -0.02035704788708111,
    "prior_status": "A-19: литературное E_a перенесено в приближённую log-модель; это допущение, не параметр данной установки",
    "prior_source": "https://doi.org/10.1016/j.fuel.2017.07.092",
    "temperature_sensitivity_bootstrap": [
      -0.024696539185810235,
      -0.01728391195832987
    ],
    "coefficients": {
      "ht:T5": 8.353479564703353,
      "ht:F9": 1.2477335156629508,
      "ht:P3": 5.3227216733868724e-14,
      "feed_sulfur_mgkg": 0.929773368549195
    },
    "limitation": "Замкнутый контур, редкая сера сырья; причинность и перенос на установку не доказаны"
  },
  "train_seconds": 22.66714920802042
}
TRAIN rc=0
